<?xml version="1.0" encoding="UTF-8"?>
<TestRun id="64ccbc15-2b7b-49b1-8900-a3511c1edd27" name="manoj.bisht@NDI-LAP-156 2013-06-21 17:18:22" runUser="3PILLAR\manoj.bisht" xmlns="http://microsoft.com/schemas/VisualStudio/TeamTest/2010">
  <TestSettings name="Local" id="30564cc6-d10c-40b4-9197-9f75b22afbda">
    <Description>These are default test settings for a local test run.</Description>
    <Deployment enabled="false" runDeploymentRoot="manoj.bisht_NDI-LAP-156 2013-06-21 17_18_22">
      <DeploymentItem filename="E:\DEMOProject\DEMOProject.ExternalLogger\bin\Debug\DEMOProject.ExternalLogger.dll" />
      <DeploymentItem filename="E:\DEMOProject\DEMOProject.LogAdapter\bin\Debug\DEMOProject.LogAdapter.dll" />
      <DeploymentItem filename="E:\DEMOProject\DEMOProject.LoggerFactory\bin\Debug\DEMOProject.LoggerFactory.dll" />
      <DeploymentItem filename="E:\DEMOProject\DEMOProject.MyLogger\bin\Debug\DEMOProject.MyLogger.dll" />
      <DeploymentItem filename="E:\DEMOProject\DEMOProject.BL\bin\Debug\DEMOProject.BL.dll" />
      <DeploymentItem filename="E:\DEMOProject\DEMOProject.InterfaceDefination\bin\Debug\DEMOProject.InterfaceDefination.dll" />
    </Deployment>
    <Execution>
      <TestTypeSpecific />
      <AgentRule name="Execution Agents">
      </AgentRule>
    </Execution>
  </TestSettings>
  <Times creation="2013-06-21T17:18:22.8005188+05:30" queuing="2013-06-21T17:18:25.4596709+05:30" start="2013-06-21T17:18:25.6516818+05:30" finish="2013-06-21T17:18:27.3427786+05:30" />
  <ResultSummary outcome="Completed">
    <Counters total="1" executed="1" passed="1" error="0" failed="0" timeout="0" aborted="0" inconclusive="0" passedButRunAborted="0" notRunnable="0" notExecuted="0" disconnected="0" warning="0" completed="0" inProgress="0" pending="0" />
  </ResultSummary>
  <TestDefinitions>
    <UnitTest name="SaveTest" storage="e:\demoproject\demoproject.testproject\bin\debug\demoproject.testproject.dll" id="7ad29d84-d426-ae2d-90fc-e22d1e6bb5d5">
      <Execution id="8dc2a306-7fab-4dd7-a7af-65f3a0a796bb" />
      <TestMethod codeBase="E:/DEMOProject/DEMOProject.TestProject/bin/Debug/DEMOProject.TestProject.DLL" adapterTypeName="Microsoft.VisualStudio.TestTools.TestTypes.Unit.UnitTestAdapter, Microsoft.VisualStudio.QualityTools.Tips.UnitTest.Adapter, Version=10.0.0.0, Culture=neutral, PublicKeyToken=b03f5f7f11d50a3a" className="DEMOProject.TestProject.EmployeeBLTest, DEMOProject.TestProject, Version=1.0.0.0, Culture=neutral, PublicKeyToken=null" name="SaveTest" />
    </UnitTest>
  </TestDefinitions>
  <TestLists>
    <TestList name="Results Not in a List" id="8c84fa94-04c1-424b-9868-57a2d4851a1d" />
    <TestList name="All Loaded Results" id="19431567-8539-422a-85d7-44ee4e166bda" />
  </TestLists>
  <TestEntries>
    <TestEntry testId="7ad29d84-d426-ae2d-90fc-e22d1e6bb5d5" executionId="8dc2a306-7fab-4dd7-a7af-65f3a0a796bb" testListId="8c84fa94-04c1-424b-9868-57a2d4851a1d" />
  </TestEntries>
  <Results>
    <UnitTestResult executionId="8dc2a306-7fab-4dd7-a7af-65f3a0a796bb" testId="7ad29d84-d426-ae2d-90fc-e22d1e6bb5d5" testName="SaveTest" computerName="NDI-LAP-156" duration="00:00:00.0718211" startTime="2013-06-21T17:18:25.7506875+05:30" endTime="2013-06-21T17:18:27.1187658+05:30" testType="13cdc9d9-ddb5-4fa4-a97d-d965ccfc6d4b" outcome="Passed" testListId="8c84fa94-04c1-424b-9868-57a2d4851a1d" relativeResultsDirectory="8dc2a306-7fab-4dd7-a7af-65f3a0a796bb">
    </UnitTestResult>
  </Results>
</TestRun>